// Jest Snapshot v1, https://goo.gl/fbAQLP

exports[`FeatureBoxes renders the correct number of boxes 1`] = `
<section
  class="plitz-container relative z-10 -mt-4 lg:-mt-8 mb-9"
>
  <div
    class="grid grid-cols-1 lg:grid-cols-12 gap-8 lg:gap-12"
  >
    <div
      class="lg:col-span-6 border-t-10 border-plitz-primary"
    >
      <div
        class="bg-white py-9 lg:py-12 px-14 lg:px-18 shadow-plitz-box-4-32 h-full"
      >
        <img
          alt="icon uploads/Reason4Hope/image"
          class="mb-6"
          height="37"
          priority="false"
          src="https://thedavid.plitz7.com/uploads/Reason4Hope/image.jpg"
          width="37"
        />
        <h3
          class="font-bold text-primary text-balance"
        >
          Box 1
        </h3>
        <p
          class="mt-4 whitespace-pre-wrap text-balance"
        >
          Description 1
        </p>
      </div>
    </div>
    <div
      class="lg:col-span-6 border-t-10 border-plitz-primary"
    >
      <div
        class="bg-white py-9 lg:py-12 px-14 lg:px-18 shadow-plitz-box-4-32 h-full"
      >
        <img
          alt="icon uploads/Reason4Hope/image"
          class="mb-6"
          height="37"
          priority="false"
          src="https://thedavid.plitz7.com/uploads/Reason4Hope/image.jpg"
          width="37"
        />
        <h3
          class="font-bold text-primary text-balance"
        >
          Box 2
        </h3>
        <p
          class="mt-4 whitespace-pre-wrap text-balance"
        >
          Description 2
        </p>
      </div>
    </div>
  </div>
</section>
`;
